[www.mahaecostay.com/blueroom.html]
[backblue.gif]
[fade.gif]
[index.html]
[www.mahaecostay.com/css/bootstrap.min.css]
[www.mahaecostay.com/css/elegant-icons.css]
[www.mahaecostay.com/css/owl.carousel.min.css]
[www.mahaecostay.com/css/nice-select.css]
[www.mahaecostay.com/css/jquery-ui.min.css]
[www.mahaecostay.com/css/slicknav.min.css]
[www.mahaecostay.com/css/style.css]
[stackpath.bootstrapcdn.com/bootstrap/4.3.1/css/bootstrap.min.css]
[code.jquery.com/jquery-3.3.1.slim.min.js]
[cdnjs.cloudflare.com/ajax/libs/popper.js/1.14.7/umd/popper.min.js]
[stackpath.bootstrapcdn.com/bootstrap/4.3.1/js/bootstrap.min.js]
[www.mahaecostay.com/rooms.html]
[www.mahaecostay.com/img/maha_logo_white.png]
[www.mahaecostay.com/about.html]
[www.mahaecostay.com/img/room/blue-room/Blue room 1.jpg]
[www.mahaecostay.com/index.html]
[www.mahaecostay.com/img/room/blue-room/Blue room 3.jpg]
[www.mahaecostay.com/img/room/blue-room/Blue room 4.jpg]
[www.mahaecostay.com/img/room/blue-room/Blue room 5.jpg]
[www.mahaecostay.com/img/about/image-1.jpg]
[www.mahaecostay.com/img/about/image-2.jpg]
[www.mahaecostay.com/img/about/image-3.jpg]
[www.mahaecostay.com/img/about/image-4.jpg]
[www.mahaecostay.com/img/about/image-5.jpg]
[www.mahaecostay.com/js/jquery-3.3.1.min.js]
[www.mahaecostay.com/js/bootstrap.min.js]
[www.mahaecostay.com/js/jquery.nice-select.min.js]
[www.mahaecostay.com/js/jquery-ui.min.js]
[www.mahaecostay.com/js/jquery.slicknav.js]
[www.mahaecostay.com/js/main.js]
[www.mahaecostay.com/blueroom.html]
[www.mahaecostay.com/css/bootstrap.min.css]
[www.mahaecostay.com/css/font-awesome.min.css]
[www.mahaecostay.com/fonts/ElegantIconsd41d.eot]
[img1.wsimg.com/signals/js/clients/scc-c2/scc-c2.min.js]
[www.mahaecostay.com/fonts/ElegantIcons.woff]
[www.mahaecostay.com/fonts/ElegantIcons.ttf]
[www.mahaecostay.com/css/elegant-icons.css]
[www.mahaecostay.com/css/flaticon.css]
[www.mahaecostay.com/css/owl.carousel.min.css]
[www.mahaecostay.com/css/nice-select.css]
[www.mahaecostay.com/css/images/ui-icons_444444_256x240.png]
[www.mahaecostay.com/css/images/ui-icons_555555_256x240.png]
[www.mahaecostay.com/css/jquery-ui.min.css]
[www.mahaecostay.com/css/slicknav.min.css]
[www.mahaecostay.com/css/style.css]
[stackpath.bootstrapcdn.com/bootstrap/4.3.1/css/bootstrap.min.css]
[www.mahaecostay.com/css/magnific-popup.css]
[www.mahaecostay.com/index.php]
[www.mahaecostay.com/img/room/blue-room/Blue room Home.jpg]
[www.mahaecostay.com/img/room/orange-room/Orange Room Home.jpg]
[www.mahaecostay.com/greyroom.html]
[www.mahaecostay.com/img/room/grey-room/Grey Room Home.jpg]
[www.mahaecostay.com/pinkroom.html]
[www.mahaecostay.com/img/room/pink-room/Pink Room Home.jpg]
[www.mahaecostay.com/redroom.html]
[www.mahaecostay.com/img/room/red-room/Red Room Home.jpg]
[www.mahaecostay.com/yellowroom.html]
[www.mahaecostay.com/img/room/yellow-room/Yellow Room Home.jpg]
[www.mahaecostay.com/greenroom.html]
[www.mahaecostay.com/img/room/green-room/Green Room Home 370 x 240.jpg]
[www.mahaecostay.com/6_bedroom_cottage.html]
[www.mahaecostay.com/img/room/6_bedroom_cottage.jpg]
[www.mahaecostay.com/9_bedroom_cottage.html]
[www.mahaecostay.com/img/room/9_bedroom_cottage.jpg]
[www.mahaecostay.com/rooms.html]
[www.mahaecostay.com/img/banner/banner-03.png]
[www.mahaecostay.com/about.html]
[www.mahaecostay.com/contact.php]
[www.mahaecostay.com/premiumroom.html]
[www.mahaecostay.com/img/google-map-marker.png]
[www.mahaecostay.com/index.html]
[www.mahaecostay.com/fonts/fontawesome-webfont3e6e.eot]
[www.mahaecostay.com/js/jquery.magnific-popup.min.js]
[www.mahaecostay.com/js/owl.carousel.min.js]
[www.mahaecostay.com/fonts/fontawesome-webfont3e6e.woff]
[www.mahaecostay.com/fonts/fontawesome-webfont3e6e.ttf]
[www.mahaecostay.com/css/font-awesome.min.css]
[www.mahaecostay.com/fonts/ElegantIcons.eot]
[www.mahaecostay.com/fonts/ElegantIcons.svg]
[www.mahaecostay.com/fonts/Flaticon.eot]
[www.mahaecostay.com/fonts/Flaticon.woff]
[www.mahaecostay.com/fonts/Flaticond41d.eot]
[www.mahaecostay.com/fonts/Flaticon.ttf]
[www.mahaecostay.com/css/flaticon.css]
[www.mahaecostay.com/css/owl.video.play.html]
[www.mahaecostay.com/css/images/ui-icons_ffffff_256x240.html]
[www.mahaecostay.com/css/images/ui-icons_777620_256x240.html]
[www.mahaecostay.com/css/images/ui-icons_cc0000_256x240.html]
[www.mahaecostay.com/css/images/ui-icons_777777_256x240.html]
[www.mahaecostay.com/css/magnific-popup.css]
[www.mahaecostay.com/index.php]
[www.mahaecostay.com/orangeroom.php]
[www.mahaecostay.com/img/room/grey-room/Grey Room 1.jpg]
[www.mahaecostay.com/img/room/grey-room/Grey Room 2.jpg]
[www.mahaecostay.com/img/room/grey-room/Grey Room 3.jpg]
[www.mahaecostay.com/img/room/grey-room/Grey Room 4.jpg]
[www.mahaecostay.com/img/room/grey-room/Grey Room 5.jpg]
[www.mahaecostay.com/greyroom.html]
[www.mahaecostay.com/img/room/pink-room/Pink Room 1.jpg]
[www.mahaecostay.com/img/room/pink-room/Pink Room 2.jpg]
[www.mahaecostay.com/img/room/pink-room/Pink Room 3.jpg]
[www.mahaecostay.com/img/room/pink-room/Pink Room 4.jpg]
[www.mahaecostay.com/img/room/pink-room/Pink Room 5.jpg]
[www.mahaecostay.com/pinkroom.html]
[www.mahaecostay.com/img/room/red-room/Red Room 1.jpg]
[www.mahaecostay.com/img/room/red-room/Red Room 2.jpg]
[www.mahaecostay.com/img/room/red-room/Red Room 3.jpg]
[www.mahaecostay.com/img/room/red-room/Red Room 4.jpg]
[www.mahaecostay.com/img/room/red-room/Red Room 5.jpg]
[www.mahaecostay.com/redroom.html]
[www.mahaecostay.com/img/room/yellow-room/Yellow Room 1.jpg]
[www.mahaecostay.com/img/room/yellow-room/Yellow Room 2.jpg]
[www.mahaecostay.com/img/room/yellow-room/Yellow Room 3.jpg]
[www.mahaecostay.com/img/room/yellow-room/Yellow Room 4.jpg]
[www.mahaecostay.com/img/room/yellow-room/Yellow Room 5.jpg]
[www.mahaecostay.com/yellowroom.html]
[www.mahaecostay.com/img/room/green-room/Green Room 1.jpg]
[www.mahaecostay.com/img/room/green-room/Green Room 2.jpg]
[www.mahaecostay.com/img/room/green-room/Green Room 3.jpg]
[www.mahaecostay.com/img/room/green-room/Green Room 4.jpg]
[www.mahaecostay.com/img/room/green-room/Green Room 5.jpg]
[www.mahaecostay.com/greenroom.html]
[www.mahaecostay.com/img/room/blue-room/Blue Room 1_1.jpg]
[www.mahaecostay.com/img/room/orange-room/Orange Room 1.jpg]
[www.mahaecostay.com/6_bedroom_cottage.html]
[www.mahaecostay.com/9_bedroom_cottage.html]
[www.mahaecostay.com/contact.html]
[www.mahaecostay.com/js/jquery.min.html]
[www.mahaecostay.com/img/banner/banner-11.png]
[www.mahaecostay.com/contact.php]
[www.mahaecostay.com/premiumroom.html]
[www.mahaecostay.com/img/room/blue-room/Blue room 2.jpg]
[www.mahaecostay.com/fonts/fontawesome-webfontd41d.eot]
[www.mahaecostay.com/fonts/fontawesome-webfont3e6e.woff2]
[www.mahaecostay.com/fonts/fontawesome-webfont3e6e.svg]
[www.mahaecostay.com/img/room/orange-room/Orange Room 2.jpg]
[www.mahaecostay.com/img/room/orange-room/Orange Room 3.jpg]
[www.mahaecostay.com/img/room/orange-room/Orange Room 4.jpg]
[www.mahaecostay.com/img/room/orange-room/Orange Room 5.jpg]
[www.mahaecostay.com/orangeroom.php]
[www.mahaecostay.com/img/room/green-room/Green Room 3.jpg]
[www.mahaecostay.com/img/room/green-room/Green Room 4.jpg]
[www.mahaecostay.com/img/room/green-room/Green Room 5.jpg]
[www.mahaecostay.com/img/room/blue-room/Blue Room 1_1.jpg]
[www.mahaecostay.com/fonts/Flaticon.svg]
